This file contains any messages produced by compilers while
running configure, to aid debugging if configure makes a mistake.

It was created by libffi configure 3.4.2, which was
generated by GNU Autoconf 2.72.  Invocation command line was

  $ /data/data/com.termux/files/home/googleband/.buildozer/android/platform/build-arm64-v8a_armeabi-v7a/build/other_builds/libffi/armeabi-v7a__ndk_target_24/libffi/configure --host=arm-linux-androideabi --prefix=/data/data/com.termux/files/home/googleband/.buildozer/android/platform/build-arm64-v8a_armeabi-v7a/build/other_builds/libffi/armeabi-v7a__ndk_target_24/libffi --disable-builddir --enable-shared

## --------- ##
## Platform. ##
## --------- ##

hostname = localhost
uname -m = aarch64
uname -r = 6.17.0-PRoot-Distro
uname -s = Linux
uname -v = #1 SMP PREEMPT_DYNAMIC Fri, 10 Oct 2025 00:00:00 +0000

/usr/bin/uname -p = unknown
/bin/uname -X     = unknown

/bin/arch              = aarch64
/usr/bin/arch -k       = unknown
/usr/convex/getsysinfo = unknown
/usr/bin/hostinfo      = unknown
/bin/machine           = unknown
/usr/bin/oslevel       = unknown
/bin/universe          = unknown

PATH: /root/.buildozer/android/platform/android-ndk-r28c/toolchains/llvm/prebuilt/linux-x86_64/bin/
PATH: /root/.buildozer/android/platform/android-ndk-r28c/
PATH: /root/.buildozer/android/platform/android-sdk/tools/
PATH: /root/.buildozer/android/platform/apache-ant-1.9.4/bin/
PATH: /usr/local/sbin/
PATH: /usr/local/bin/
PATH: /usr/sbin/
PATH: /usr/bin/
PATH: /sbin/
PATH: /bin/
PATH: /data/data/com.termux/files/usr/bin/


## ----------- ##
## Core tests. ##
## ----------- ##

configure:3104: looking for aux files: ltmain.sh compile missing install-sh config.guess config.sub
configure:3117:  trying ./
configure:3146:   ./ltmain.sh found
configure:3146:   ./compile found
configure:3146:   ./missing found
configure:3128:   ./install-sh found
configure:3146:   ./config.guess found
configure:3146:   ./config.sub found
configure:3268: checking build system type
configure:3284: result: aarch64-unknown-linux-gnu
configure:3304: checking host system type
configure:3319: result: arm-unknown-linux-androideabi
configure:3339: checking target system type
configure:3354: result: arm-unknown-linux-androideabi
configure:3454: checking for gsed
configure:3491: result: sed
configure:3520: checking for a BSD-compatible install
configure:3594: result: /usr/bin/install -c
configure:3605: checking whether sleep supports fractional seconds
configure:3621: result: yes
configure:3624: checking filesystem timestamp resolution
configure:3759: result: 0.01
configure:3764: checking whether build environment is sane
configure:3809: result: yes
configure:3871: checking for arm-linux-androideabi-strip
configure:3904: result: /root/.buildozer/android/platform/android-ndk-r28c/toolchains/llvm/prebuilt/linux-x86_64/bin/llvm-strip --strip-unneeded
configure:3976: checking for a race-free mkdir -p
configure:4019: result: /usr/bin/mkdir -p
configure:4026: checking for gawk
configure:4047: found /data/data/com.termux/files/usr/bin/gawk
configure:4059: result: gawk
configure:4070: checking whether make -j8 sets $(MAKE)
configure:4094: result: yes
configure:4120: checking whether make -j8 supports nested variables
configure:4139: result: yes
configure:4153: checking xargs -n works
configure:4169: result: yes
configure:4254: checking whether UID '0' is supported by ustar format
configure:4260: result: yes
configure:4267: checking whether GID '0' is supported by ustar format
configure:4273: result: yes
configure:4281: checking how to create a ustar tar archive
configure:4292: tar --version
tar (GNU tar) 1.35
Copyright (C) 2023 Free Software Foundation, Inc.
License GPLv3+: GNU GPL version 3 or later <https://gnu.org/licenses/gpl.html>.
This is free software: you are free to change and redistribute it.
There is NO WARRANTY, to the extent permitted by law.

Written by John Gilmore and Jay Fenlason.
configure:4295: $? = 0
configure:4335: tardir=conftest.dir && eval tar --format=ustar -chf - "$tardir" >conftest.tar
configure:4338: $? = 0
configure:4342: tar -xf - <conftest.tar
configure:4345: $? = 0
configure:4347: cat conftest.dir/file
GrepMe
configure:4350: $? = 0
configure:4365: result: gnutar
configure:4419: checking for arm-linux-androideabi-gcc
configure:4452: result: /root/.buildozer/android/platform/android-ndk-r28c/toolchains/llvm/prebuilt/linux-x86_64/bin/clang -target armv7a-linux-androideabi24 -fomit-frame-pointer -march=armv7-a -mfloat-abi=softfp -mfpu=vfp -mthumb -fPIC
configure:4857: checking for C compiler version
configure:4866: /root/.buildozer/android/platform/android-ndk-r28c/toolchains/llvm/prebuilt/linux-x86_64/bin/clang -target armv7a-linux-androideabi24 -fomit-frame-pointer -march=armv7-a -mfloat-abi=softfp -mfpu=vfp -mthumb -fPIC --version >&5
/data/data/com.termux/files/home/googleband/.buildozer/android/platform/build-arm64-v8a_armeabi-v7a/build/other_builds/libffi/armeabi-v7a__ndk_target_24/libffi/configure: line 4868: 25875 Illegal instruction        $CC --version 1>&5
configure:4877: $? = 132
configure:4866: /root/.buildozer/android/platform/android-ndk-r28c/toolchains/llvm/prebuilt/linux-x86_64/bin/clang -target armv7a-linux-androideabi24 -fomit-frame-pointer -march=armv7-a -mfloat-abi=softfp -mfpu=vfp -mthumb -fPIC -v >&5
/data/data/com.termux/files/home/googleband/.buildozer/android/platform/build-arm64-v8a_armeabi-v7a/build/other_builds/libffi/armeabi-v7a__ndk_target_24/libffi/configure: line 4868: 25880 Illegal instruction        $CC -v 1>&5
configure:4877: $? = 132
configure:4866: /root/.buildozer/android/platform/android-ndk-r28c/toolchains/llvm/prebuilt/linux-x86_64/bin/clang -target armv7a-linux-androideabi24 -fomit-frame-pointer -march=armv7-a -mfloat-abi=softfp -mfpu=vfp -mthumb -fPIC -V >&5
/data/data/com.termux/files/home/googleband/.buildozer/android/platform/build-arm64-v8a_armeabi-v7a/build/other_builds/libffi/armeabi-v7a__ndk_target_24/libffi/configure: line 4868: 25886 Illegal instruction        $CC -V 1>&5
configure:4877: $? = 132
configure:4866: /root/.buildozer/android/platform/android-ndk-r28c/toolchains/llvm/prebuilt/linux-x86_64/bin/clang -target armv7a-linux-androideabi24 -fomit-frame-pointer -march=armv7-a -mfloat-abi=softfp -mfpu=vfp -mthumb -fPIC -qversion >&5
/data/data/com.termux/files/home/googleband/.buildozer/android/platform/build-arm64-v8a_armeabi-v7a/build/other_builds/libffi/armeabi-v7a__ndk_target_24/libffi/configure: line 4868: 25891 Illegal instruction        $CC -qversion 1>&5
configure:4877: $? = 132
configure:4866: /root/.buildozer/android/platform/android-ndk-r28c/toolchains/llvm/prebuilt/linux-x86_64/bin/clang -target armv7a-linux-androideabi24 -fomit-frame-pointer -march=armv7-a -mfloat-abi=softfp -mfpu=vfp -mthumb -fPIC -version >&5
/data/data/com.termux/files/home/googleband/.buildozer/android/platform/build-arm64-v8a_armeabi-v7a/build/other_builds/libffi/armeabi-v7a__ndk_target_24/libffi/configure: line 4868: 25896 Illegal instruction        $CC -version 1>&5
configure:4877: $? = 132
configure:4897: checking whether the C compiler works
configure:4919: /root/.buildozer/android/platform/android-ndk-r28c/toolchains/llvm/prebuilt/linux-x86_64/bin/clang -target armv7a-linux-androideabi24 -fomit-frame-pointer -march=armv7-a -mfloat-abi=softfp -mfpu=vfp -mthumb -fPIC -target armv7a-linux-androideabi24 -fomit-frame-pointer -march=armv7-a -mfloat-abi=softfp -mfpu=vfp -mthumb -fPIC -DANDROID -I/root/.buildozer/android/platform/android-ndk-r28c/toolchains/llvm/prebuilt/linux-x86_64/sysroot/usr/include -I/data/data/com.termux/files/home/googleband/.buildozer/android/platform/build-arm64-v8a_armeabi-v7a/build/other_builds/python3/armeabi-v7a__ndk_target_24/python3/android-build/android-root/include/python3.14   -L/data/data/com.termux/files/home/googleband/.buildozer/android/platform/build-arm64-v8a_armeabi-v7a/build/libs_collections/googleband/armeabi-v7a conftest.c  >&5
/data/data/com.termux/files/home/googleband/.buildozer/android/platform/build-arm64-v8a_armeabi-v7a/build/other_builds/libffi/armeabi-v7a__ndk_target_24/libffi/configure: line 4921: 25906 Illegal instruction        $CC $CFLAGS $CPPFLAGS $LDFLAGS conftest.$ac_ext $LIBS 1>&5
configure:4923: $? = 132
configure:4964: result: no
configure: failed program was:
| /* confdefs.h */
| #define PACKAGE_NAME "libffi"
| #define PACKAGE_TARNAME "libffi"
| #define PACKAGE_VERSION "3.4.2"
| #define PACKAGE_STRING "libffi 3.4.2"
| #define PACKAGE_BUGREPORT "http://github.com/libffi/libffi/issues"
| #define PACKAGE_URL ""
| #define PACKAGE "libffi"
| #define VERSION "3.4.2"
| /* end confdefs.h.  */
| 
| int
| main (void)
| {
| 
|   ;
|   return 0;
| }
configure:4969: error: in '/data/data/com.termux/files/home/googleband/.buildozer/android/platform/build-arm64-v8a_armeabi-v7a/build/other_builds/libffi/armeabi-v7a__ndk_target_24/libffi':
configure:4971: error: C compiler cannot create executables
See 'config.log' for more details

## ---------------- ##
## Cache variables. ##
## ---------------- ##

ac_cv_build=aarch64-unknown-linux-gnu
ac_cv_env_CCASFLAGS_set=
ac_cv_env_CCASFLAGS_value=
ac_cv_env_CCAS_set=
ac_cv_env_CCAS_value=
ac_cv_env_CPPFLAGS_set=set
ac_cv_env_CPPFLAGS_value='-DANDROID -I/root/.buildozer/android/platform/android-ndk-r28c/toolchains/llvm/prebuilt/linux-x86_64/sysroot/usr/include -I/data/data/com.termux/files/home/googleband/.buildozer/android/platform/build-arm64-v8a_armeabi-v7a/build/other_builds/python3/armeabi-v7a__ndk_target_24/python3/android-build/android-root/include/python3.14'
ac_cv_env_CXXCPP_set=
ac_cv_env_CXXCPP_value=
ac_cv_env_LT_SYS_LIBRARY_PATH_set=
ac_cv_env_LT_SYS_LIBRARY_PATH_value=
ac_cv_env_build_alias_set=
ac_cv_env_build_alias_value=
ac_cv_env_host_alias_set=set
ac_cv_env_host_alias_value=arm-linux-androideabi
ac_cv_env_target_alias_set=
ac_cv_env_target_alias_value=
ac_cv_host=arm-unknown-linux-androideabi
ac_cv_path_ax_enable_builddir_sed=sed
ac_cv_path_install='/usr/bin/install -c'
ac_cv_path_mkdir=/usr/bin/mkdir
ac_cv_prog_AWK=gawk
ac_cv_prog_CC='/root/.buildozer/android/platform/android-ndk-r28c/toolchains/llvm/prebuilt/linux-x86_64/bin/clang -target armv7a-linux-androideabi24 -fomit-frame-pointer -march=armv7-a -mfloat-abi=softfp -mfpu=vfp -mthumb -fPIC'
ac_cv_prog_STRIP='/root/.buildozer/android/platform/android-ndk-r28c/toolchains/llvm/prebuilt/linux-x86_64/bin/llvm-strip --strip-unneeded'
ac_cv_prog_make_make_set=yes
ac_cv_target=arm-unknown-linux-androideabi
am_cv_filesystem_timestamp_resolution=0.01
am_cv_make_support_nested_variables=yes
am_cv_prog_tar_ustar=gnutar
am_cv_sleep_fractional_seconds=yes
am_cv_xargs_n_works=yes

## ----------------- ##
## Output variables. ##
## ----------------- ##

ACLOCAL='${SHELL} '\''/data/data/com.termux/files/home/googleband/.buildozer/android/platform/build-arm64-v8a_armeabi-v7a/build/other_builds/libffi/armeabi-v7a__ndk_target_24/libffi/missing'\'' aclocal-1.18'
ALLOCA=''
AMDEPBACKSLASH=''
AMDEP_FALSE=''
AMDEP_TRUE=''
AMTAR='$${TAR-tar}'
AM_BACKSLASH='\'
AM_DEFAULT_V=''
AM_DEFAULT_VERBOSITY='1'
AM_LTLDFLAGS=''
AM_RUNTESTFLAGS=''
AM_V=''
AR='/root/.buildozer/android/platform/android-ndk-r28c/toolchains/llvm/prebuilt/linux-x86_64/bin/llvm-ar'
AUTOCONF='${SHELL} '\''/data/data/com.termux/files/home/googleband/.buildozer/android/platform/build-arm64-v8a_armeabi-v7a/build/other_builds/libffi/armeabi-v7a__ndk_target_24/libffi/missing'\'' autoconf'
AUTOHEADER='${SHELL} '\''/data/data/com.termux/files/home/googleband/.buildozer/android/platform/build-arm64-v8a_armeabi-v7a/build/other_builds/libffi/armeabi-v7a__ndk_target_24/libffi/missing'\'' autoheader'
AUTOMAKE='${SHELL} '\''/data/data/com.termux/files/home/googleband/.buildozer/android/platform/build-arm64-v8a_armeabi-v7a/build/other_builds/libffi/armeabi-v7a__ndk_target_24/libffi/missing'\'' automake-1.18'
AWK='gawk'
BUILD_DOCS_FALSE=''
BUILD_DOCS_TRUE=''
CC='/root/.buildozer/android/platform/android-ndk-r28c/toolchains/llvm/prebuilt/linux-x86_64/bin/clang -target armv7a-linux-androideabi24 -fomit-frame-pointer -march=armv7-a -mfloat-abi=softfp -mfpu=vfp -mthumb -fPIC'
CCAS=''
CCASDEPMODE=''
CCASFLAGS=''
CCDEPMODE=''
CFLAGS='-target armv7a-linux-androideabi24 -fomit-frame-pointer -march=armv7-a -mfloat-abi=softfp -mfpu=vfp -mthumb -fPIC'
CPPFLAGS='-DANDROID -I/root/.buildozer/android/platform/android-ndk-r28c/toolchains/llvm/prebuilt/linux-x86_64/sysroot/usr/include -I/data/data/com.termux/files/home/googleband/.buildozer/android/platform/build-arm64-v8a_armeabi-v7a/build/other_builds/python3/armeabi-v7a__ndk_target_24/python3/android-build/android-root/include/python3.14'
CSCOPE='cscope'
CTAGS='ctags'
CXX='/root/.buildozer/android/platform/android-ndk-r28c/toolchains/llvm/prebuilt/linux-x86_64/bin/clang++ -target armv7a-linux-androideabi24 -fomit-frame-pointer -march=armv7-a -mfloat-abi=softfp -mfpu=vfp -mthumb -fPIC'
CXXCPP=''
CXXDEPMODE=''
CXXFLAGS='-target armv7a-linux-androideabi24 -fomit-frame-pointer -march=armv7-a -mfloat-abi=softfp -mfpu=vfp -mthumb -fPIC'
CYGPATH_W='echo'
DEFS=''
DEPDIR=''
DLLTOOL=''
DSYMUTIL=''
DUMPBIN=''
ECHO_C=''
ECHO_N='-n'
ECHO_T=''
EGREP=''
ETAGS='etags'
EXEEXT=''
FFI_DEBUG_FALSE=''
FFI_DEBUG_TRUE=''
FFI_EXEC_TRAMPOLINE_TABLE=''
FFI_EXEC_TRAMPOLINE_TABLE_FALSE=''
FFI_EXEC_TRAMPOLINE_TABLE_TRUE=''
FGREP=''
FILECMD=''
GREP=''
HAVE_LONG_DOUBLE=''
HAVE_LONG_DOUBLE_VARIANT=''
INSTALL_DATA='${INSTALL} -m 644'
INSTALL_PROGRAM='${INSTALL}'
INSTALL_SCRIPT='${INSTALL}'
INSTALL_STRIP_PROGRAM='$(install_sh) -c -s'
LD=''
LDFLAGS='  -L/data/data/com.termux/files/home/googleband/.buildozer/android/platform/build-arm64-v8a_armeabi-v7a/build/libs_collections/googleband/armeabi-v7a'
LIBFFI_BUILD_VERSIONED_SHLIB_FALSE=''
LIBFFI_BUILD_VERSIONED_SHLIB_GNU_FALSE=''
LIBFFI_BUILD_VERSIONED_SHLIB_GNU_TRUE=''
LIBFFI_BUILD_VERSIONED_SHLIB_SUN_FALSE=''
LIBFFI_BUILD_VERSIONED_SHLIB_SUN_TRUE=''
LIBFFI_BUILD_VERSIONED_SHLIB_TRUE=''
LIBOBJS=''
LIBS=''
LIBTOOL=''
LIPO=''
LN_S=''
LTLIBOBJS=''
LT_SYS_LIBRARY_PATH=''
MAINT=''
MAINTAINER_MODE_FALSE=''
MAINTAINER_MODE_TRUE=''
MAKEINFO='${SHELL} '\''/data/data/com.termux/files/home/googleband/.buildozer/android/platform/build-arm64-v8a_armeabi-v7a/build/other_builds/libffi/armeabi-v7a__ndk_target_24/libffi/missing'\'' makeinfo'
MANIFEST_TOOL=''
MKDIR_P='/usr/bin/mkdir -p'
NM=''
NMEDIT=''
OBJDUMP=''
OBJEXT=''
OPT_LDFLAGS=''
OTOOL64=''
OTOOL=''
PACKAGE='libffi'
PACKAGE_BUGREPORT='http://github.com/libffi/libffi/issues'
PACKAGE_NAME='libffi'
PACKAGE_STRING='libffi 3.4.2'
PACKAGE_TARNAME='libffi'
PACKAGE_URL=''
PACKAGE_VERSION='3.4.2'
PATH_SEPARATOR=':'
PRTDIAG=''
RANLIB='/root/.buildozer/android/platform/android-ndk-r28c/toolchains/llvm/prebuilt/linux-x86_64/bin/llvm-ranlib'
READELF='/root/.buildozer/android/platform/android-ndk-r28c/toolchains/llvm/prebuilt/linux-x86_64/bin/llvm-readelf'
SECTION_LDFLAGS=''
SED=''
SET_MAKE=''
SHELL='/bin/bash'
STRIP='/root/.buildozer/android/platform/android-ndk-r28c/toolchains/llvm/prebuilt/linux-x86_64/bin/llvm-strip --strip-unneeded'
TARGET='arm-unknown-linux-androideabi'
TARGETDIR=''
TARGET_OBJ=''
TESTSUBDIR_FALSE=''
TESTSUBDIR_TRUE=''
VERSION='3.4.2'
ac_ct_AR=''
ac_ct_CC=''
ac_ct_CXX=''
ac_ct_DUMPBIN=''
am__EXEEXT_FALSE=''
am__EXEEXT_TRUE=''
am__fastdepCCAS_FALSE=''
am__fastdepCCAS_TRUE=''
am__fastdepCC_FALSE=''
am__fastdepCC_TRUE=''
am__fastdepCXX_FALSE=''
am__fastdepCXX_TRUE=''
am__include=''
am__isrc=''
am__leading_dot='.'
am__nodep=''
am__quote=''
am__rm_f_notfound=''
am__tar='tar --format=ustar -chf - "$$tardir"'
am__untar='tar -xf -'
am__xargs_n='xargs -n'
ax_enable_builddir_sed='sed'
bindir='${exec_prefix}/bin'
build='aarch64-unknown-linux-gnu'
build_alias=''
build_cpu='aarch64'
build_os='linux-gnu'
build_vendor='unknown'
datadir='${datarootdir}'
datarootdir='${prefix}/share'
docdir='${datarootdir}/doc/${PACKAGE_TARNAME}'
dvidir='${docdir}'
exec_prefix='NONE'
host='arm-unknown-linux-androideabi'
host_alias='arm-linux-androideabi'
host_cpu='arm'
host_os='linux-androideabi'
host_vendor='unknown'
htmldir='${docdir}'
includedir='${prefix}/include'
infodir='${datarootdir}/info'
install_sh='${SHELL} /data/data/com.termux/files/home/googleband/.buildozer/android/platform/build-arm64-v8a_armeabi-v7a/build/other_builds/libffi/armeabi-v7a__ndk_target_24/libffi/install-sh'
libdir='${exec_prefix}/lib'
libexecdir='${exec_prefix}/libexec'
localedir='${datarootdir}/locale'
localstatedir='${prefix}/var'
mandir='${datarootdir}/man'
mkdir_p='$(MKDIR_P)'
oldincludedir='/usr/include'
pdfdir='${docdir}'
prefix='/data/data/com.termux/files/home/googleband/.buildozer/android/platform/build-arm64-v8a_armeabi-v7a/build/other_builds/libffi/armeabi-v7a__ndk_target_24/libffi'
program_transform_name='s,x,x,'
psdir='${docdir}'
runstatedir='${localstatedir}/run'
sbindir='${exec_prefix}/sbin'
sharedstatedir='${prefix}/com'
sys_symbol_underscore=''
sysconfdir='${prefix}/etc'
target='arm-unknown-linux-androideabi'
target_alias='arm-linux-androideabi'
target_cpu='arm'
target_os='linux-androideabi'
target_vendor='unknown'
toolexecdir=''
toolexeclibdir=''

## ----------- ##
## confdefs.h. ##
## ----------- ##

/* confdefs.h */
#define PACKAGE_NAME "libffi"
#define PACKAGE_TARNAME "libffi"
#define PACKAGE_VERSION "3.4.2"
#define PACKAGE_STRING "libffi 3.4.2"
#define PACKAGE_BUGREPORT "http://github.com/libffi/libffi/issues"
#define PACKAGE_URL ""
#define PACKAGE "libffi"
#define VERSION "3.4.2"

configure: exit 77
